==3702== Memcheck, a memory error detector
==3702== Copyright (C) 2002-2017, and GNU GPL'd, by Julian Seward et al.
==3702== Using Valgrind-3.13.0 and LibVEX; rerun with -h for copyright info
==3702== Command: ./TicTacToeDebug 3 3 3
==3702== 
==3702== error calling PR_SET_PTRACER, vgdb might block
==3702== 
==3702== HEAP SUMMARY:
==3702==     in use at exit: 0 bytes in 0 blocks
==3702==   total heap usage: 75 allocs, 75 frees, 3,768 bytes allocated
==3702== 
==3702== All heap blocks were freed -- no leaks are possible
==3702== 
==3702== For counts of detected and suppressed errors, rerun with: -v
==3702== ERROR SUMMARY: 0 errors from 0 contexts (suppressed: 0 from 0)
